File "input_errors_01_external_component_multi_prim.ml", line 1, characters 0-79:
1 | external%component make : name:Js.js_string Js.t -> React.element = "foo" "bar"
    ^^^^^^^^^^^^^^^^^^^^^^^^^^^^^^^^^^^^^^^^^^^^^^^^^^^^^^^^^^^^^^^^^^^^^^^^^^^^^^^
Error: native-react: externals only allow single primitive declarations
